// Jest Snapshot v1, https://goo.gl/fbAQLP

exports[`should render a correct NotFoundPage 1`] = `
<div>
  This is from my 
  <strong>
    not found
  </strong>
   component. 
  <Link
    replace={false}
    to="/"
  >
    Go Home
  </Link>
</div>
`;
